WARNING: name already refers to: #'clojure.core/name in namespace: bitool.db, being replaced by: #'bitool.db/name
WARNING: key already refers to: #'clojure.core/key in namespace: bitool.routes.home, being replaced by: #'bitool.routes.home/key

lein test bitool.api.jsontf-test

=== rows-from-json3-debug ===
row-mode = :per-context explode-key = nil

SPINE = [$ orders []]
TAILS = [[id] [customer name]]
SPINE step $ on 1 vals
SPINE step orders on 1 vals
SPINE step [] on 1 vals
CONTEXTS = 3
 ctx 0 :
{:id 1, :customer nil}
 ctx 1 :
{:id 2, :customer {:name "X"}}
 ctx 2 :
{:id 3}
  TAIL step id vals-in 1
  -> vals-out 1 sample: (1)
  TAIL step customer vals-in 1
  -> vals-out 0 sample: ()
  TAIL step name vals-in 0
  -> vals-out 0 sample: ()
  TAIL step id vals-in 1
  -> vals-out 1 sample: (2)
  TAIL step customer vals-in 1
  -> vals-out 1 sample: ({:name X})
  TAIL step name vals-in 1
  -> vals-out 1 sample: (X)
  TAIL step id vals-in 1
  -> vals-out 1 sample: (3)
  TAIL step customer vals-in 1
  -> vals-out 0 sample: ()
  TAIL step name vals-in 0
  -> vals-out 0 sample: ()

=== rows-from-json3-debug ===
row-mode = :explode-by explode-key = $.orders[].id

SPINE = [$ orders []]
TAILS = [[id] [customer name]]
SPINE step $ on 1 vals
SPINE step orders on 1 vals
SPINE step [] on 1 vals
CONTEXTS = 3
 ctx 0 :
{:id 1, :customer nil}
 ctx 1 :
{:id 2, :customer {:name "X"}}
 ctx 2 :
{:id 3}
  TAIL step id vals-in 1
  -> vals-out 1 sample: (1)
  TAIL step id vals-in 1
  -> vals-out 1 sample: (2)
  TAIL step id vals-in 1
  -> vals-out 1 sample: (3)
  TAIL step customer vals-in 1
  -> vals-out 0 sample: ()
  TAIL step name vals-in 0
  -> vals-out 0 sample: ()
  TAIL step customer vals-in 1
  -> vals-out 1 sample: ({:name X})
  TAIL step name vals-in 1
  -> vals-out 1 sample: (X)
  TAIL step customer vals-in 1
  -> vals-out 0 sample: ()
  TAIL step name vals-in 0
  -> vals-out 0 sample: ()

=== rows-from-json3-debug ===
row-mode = :per-context explode-key = nil

SPINE = [$ items []]
TAILS = [[sku]]
SPINE step $ on 1 vals
SPINE step items on 1 vals
SPINE step [] on 1 vals
CONTEXTS = 5
 ctx 0 :
1
 ctx 1 :
{:sku "A"}
 ctx 2 :
2
  TAIL step sku vals-in 1
  -> vals-out 0 sample: ()
  TAIL step sku vals-in 1
  -> vals-out 1 sample: (A)
  TAIL step sku vals-in 1
  -> vals-out 0 sample: ()
  TAIL step sku vals-in 1
  -> vals-out 1 sample: (B)
  TAIL step sku vals-in 1
  -> vals-out 0 sample: ()

=== rows-from-json3-debug ===
row-mode = :explode-by explode-key = $.items[].sku

SPINE = [$ items []]
TAILS = [[sku]]
SPINE step $ on 1 vals
SPINE step items on 1 vals
SPINE step [] on 1 vals
CONTEXTS = 5
 ctx 0 :
1
 ctx 1 :
{:sku "A"}
 ctx 2 :
2
  TAIL step sku vals-in 1
  -> vals-out 0 sample: ()
  TAIL step sku vals-in 1
  -> vals-out 1 sample: (A)
  TAIL step sku vals-in 1
  -> vals-out 0 sample: ()
  TAIL step sku vals-in 1
  -> vals-out 1 sample: (B)
  TAIL step sku vals-in 1
  -> vals-out 0 sample: ()

=== rows-from-json3-debug ===
row-mode = :per-context explode-key = nil

SPINE = [$]
TAILS = [[id] [amount]]
SPINE step $ on 1 vals
CONTEXTS = 1
 ctx 0 :
{:id "9007199254740993", :amount "12345678901234567890.12345"}
  TAIL step id vals-in 1
  -> vals-out 1 sample: (9007199254740993)
  TAIL step amount vals-in 1
  -> vals-out 1 sample: (12345678901234567890.12345)

=== rows-from-json3-debug ===
row-mode = :per-context explode-key = nil

SPINE = [$ root a b c d []]
TAILS = [[]]
SPINE step $ on 1 vals
SPINE step root on 1 vals
SPINE step a on 1 vals
SPINE step b on 1 vals
SPINE step c on 1 vals
SPINE step d on 1 vals
SPINE step [] on 1 vals
CONTEXTS = 3
 ctx 0 :
1
 ctx 1 :
2
 ctx 2 :
3

=== rows-from-json3-debug ===
row-mode = :explode-by explode-key = $.root.a.b.c.d[]

SPINE = [$ root a b c d []]
TAILS = [[]]
SPINE step $ on 1 vals
SPINE step root on 1 vals
SPINE step a on 1 vals
SPINE step b on 1 vals
SPINE step c on 1 vals
SPINE step d on 1 vals
SPINE step [] on 1 vals
CONTEXTS = 3
 ctx 0 :
1
 ctx 1 :
2
 ctx 2 :
3

=== rows-from-json3-debug ===
row-mode = :per-context explode-key = nil

SPINE = [$ notes [] []]
TAILS = [[]]
SPINE step $ on 1 vals
SPINE step notes on 1 vals
SPINE step [] on 1 vals
SPINE step [] on 4 vals
CONTEXTS = 6
 ctx 0 :
"a"
 ctx 1 :
"b"
 ctx 2 :
"c"

=== rows-from-json3-debug ===
row-mode = :explode-by explode-key = $.notes[][]

SPINE = [$ notes [] []]
TAILS = [[]]
SPINE step $ on 1 vals
SPINE step notes on 1 vals
SPINE step [] on 1 vals
SPINE step [] on 4 vals
CONTEXTS = 6
 ctx 0 :
"a"
 ctx 1 :
"b"
 ctx 2 :
"c"

=== rows-from-json3-debug ===
row-mode = :per-context explode-key = nil

SPINE = [$ file]
TAILS = [[name] [data]]
SPINE step $ on 1 vals
SPINE step file on 1 vals
CONTEXTS = 1
 ctx 0 :
{:name "pic.png", :data "iVBORw0KGgoAAAANSUhEUgAA..."}
  TAIL step name vals-in 1
  -> vals-out 1 sample: (pic.png)
  TAIL step data vals-in 1
  -> vals-out 1 sample: (iVBORw0KGgoAAAANSUhEUgAA...)

=== rows-from-json3-debug ===
row-mode = :per-context explode-key = nil

SPINE = [$]
TAILS = [[qty] [active] [price]]
SPINE step $ on 1 vals
CONTEXTS = 1
 ctx 0 :
{:qty "3", :active "true", :price "12.50"}
  TAIL step qty vals-in 1
  -> vals-out 1 sample: (3)
  TAIL step active vals-in 1
  -> vals-out 1 sample: (true)
  TAIL step price vals-in 1
  -> vals-out 1 sample: (12.50)

=== rows-from-json3-debug ===
row-mode = :per-context explode-key = nil

SPINE = [$]
TAILS = [[items [] id] [items [] qty] [prices [] amount]]
SPINE step $ on 1 vals
CONTEXTS = 1
 ctx 0 :
{:items [{:id 1, :qty 2} {:id 2, :qty 1}],
 :prices [{:id 2, :amount 9.99} {:id 1, :amount 5.0}]}
  TAIL step items vals-in 1
  -> vals-out 1 sample: ([{:id 1, :qty 2} {:id 2, :qty 1}])
  TAIL step [] vals-in 1
  -> vals-out 2 sample: ({:id 1, :qty 2} {:id 2, :qty 1})
  TAIL step id vals-in 2
  -> vals-out 2 sample: (1 2)
  TAIL step items vals-in 1
  -> vals-out 1 sample: ([{:id 1, :qty 2} {:id 2, :qty 1}])
  TAIL step [] vals-in 1
  -> vals-out 2 sample: ({:id 1, :qty 2} {:id 2, :qty 1})
  TAIL step qty vals-in 2
  -> vals-out 2 sample: (2 1)
  TAIL step prices vals-in 1
  -> vals-out 1 sample: ([{:id 2, :amount 9.99} {:id 1, :amount 5.0}])
  TAIL step [] vals-in 1
  -> vals-out 2 sample: ({:id 2, :amount 9.99} {:id 1, :amount 5.0})
  TAIL step amount vals-in 2
  -> vals-out 2 sample: (9.99 5.0)

=== rows-from-json3-debug ===
row-mode = :explode-by explode-key = $.items[].id

SPINE = [$]
TAILS = [[items [] id] [items [] qty] [prices [] amount]]
SPINE step $ on 1 vals
CONTEXTS = 1
 ctx 0 :
{:items [{:id 1, :qty 2} {:id 2, :qty 1}],
 :prices [{:id 2, :amount 9.99} {:id 1, :amount 5.0}]}
  TAIL step items vals-in 1
  -> vals-out 1 sample: ([{:id 1, :qty 2} {:id 2, :qty 1}])
  TAIL step [] vals-in 1
  -> vals-out 2 sample: ({:id 1, :qty 2} {:id 2, :qty 1})
  TAIL step id vals-in 1
  -> vals-out 1 sample: (1)
  TAIL step qty vals-in 1
  -> vals-out 1 sample: (2)
  TAIL step prices vals-in 1
  -> vals-out 1 sample: ([{:id 2, :amount 9.99} {:id 1, :amount 5.0}])
  TAIL step [] vals-in 1
  -> vals-out 2 sample: ({:id 2, :amount 9.99} {:id 1, :amount 5.0})
  TAIL step amount vals-in 2
  -> vals-out 2 sample: (9.99 5.0)
  TAIL step id vals-in 1
  -> vals-out 1 sample: (2)
  TAIL step qty vals-in 1
  -> vals-out 1 sample: (1)
  TAIL step prices vals-in 1
  -> vals-out 1 sample: ([{:id 2, :amount 9.99} {:id 1, :amount 5.0}])
  TAIL step [] vals-in 1
  -> vals-out 2 sample: ({:id 2, :amount 9.99} {:id 1, :amount 5.0})
  TAIL step amount vals-in 2
  -> vals-out 2 sample: (9.99 5.0)

=== rows-from-json3-debug ===
row-mode = :per-context explode-key = nil

SPINE = [$]
TAILS = [[metrics * lat] [items [] id] [items [] price] [items [] attrs [] v]]
SPINE step $ on 1 vals
CONTEXTS = 1
 ctx 0 :
{:metrics
 {"us-east" {:lat 10.5, :lon "20.1", :buckets [1 "2" 3.0]},
  "eu-west" {:lat nil, :lon "NaN", :buckets []}},
 :items
 [{:id "a",
   :price "12.34",
   :attrs [{"k" "color", "v" "blue"} {"k" "w", "v" 10}]}
  {:id "b", :price 99.99, :attrs [{"k" "color", "v" "red"}]}]}
  TAIL step metrics vals-in 1
  -> vals-out 1 sample: ({us-east {:lat 10.5, :lon 20.1, :buckets [1 2 3.0]}, eu-west {:lat nil, :lon NaN, :buckets []}})
  TAIL step * vals-in 1
  -> vals-out 0 sample: ()
  TAIL step lat vals-in 0
  -> vals-out 0 sample: ()
  TAIL step items vals-in 1
  -> vals-out 1 sample: ([{:id a, :price 12.34, :attrs [{k color, v blue} {k w, v 10}]} {:id b, :price 99.99, :attrs [{k color, v red}]}])
  TAIL step [] vals-in 1
  -> vals-out 2 sample: ({:id a, :price 12.34, :attrs [{k color, v blue} {k w, v 10}]} {:id b, :price 99.99, :attrs [{k color, v red}]})
  TAIL step id vals-in 2
  -> vals-out 2 sample: (a b)
  TAIL step items vals-in 1
  -> vals-out 1 sample: ([{:id a, :price 12.34, :attrs [{k color, v blue} {k w, v 10}]} {:id b, :price 99.99, :attrs [{k color, v red}]}])
  TAIL step [] vals-in 1
  -> vals-out 2 sample: ({:id a, :price 12.34, :attrs [{k color, v blue} {k w, v 10}]} {:id b, :price 99.99, :attrs [{k color, v red}]})
  TAIL step price vals-in 2
  -> vals-out 2 sample: (12.34 99.99)
  TAIL step items vals-in 1
  -> vals-out 1 sample: ([{:id a, :price 12.34, :attrs [{k color, v blue} {k w, v 10}]} {:id b, :price 99.99, :attrs [{k color, v red}]}])
  TAIL step [] vals-in 1
  -> vals-out 2 sample: ({:id a, :price 12.34, :attrs [{k color, v blue} {k w, v 10}]} {:id b, :price 99.99, :attrs [{k color, v red}]})
  TAIL step attrs vals-in 2
  -> vals-out 2 sample: ([{k color, v blue} {k w, v 10}] [{k color, v red}])
  TAIL step [] vals-in 2
  -> vals-out 3 sample: ({k color, v blue} {k w, v 10} {k color, v red})
  TAIL step v vals-in 3
  -> vals-out 3 sample: (blue 10 red)

=== rows-from-json3-debug ===
row-mode = :per-context explode-key = nil

SPINE = [$ created_at]
TAILS = [[]]
SPINE step $ on 1 vals
SPINE step created_at on 1 vals
CONTEXTS = 1
 ctx 0 :
"2024-12-01T10:15:30Z"

Ran 14 tests containing 22 assertions.
0 failures, 0 errors.
